// Jest Snapshot v1, https://goo.gl/fbAQLP

exports[`Header should render Header  1`] = `
<header
  className="App-header"
>
  <h1>
    Header
  </h1>
</header>
`;
