// Jest Snapshot v1, https://goo.gl/fbAQLP

exports[`App should render App 1`] = `
<div
  className="App"
>
  <header
    onSubmit={[Function]}
  >
    <input
      onChange={[Function]}
      placeholder="Hello"
      type="text"
      value=""
    />
    <input
      onClick={[Function]}
      title="Submit"
      type="submit"
    />
  </header>
  <main>
    <div />
    <ItemList />
  </main>
</div>
`;
